2026-10-03 19:38:30,074 - aqt.main - INFO - installer 139783444557824 aqtinstall(aqt) v3.3.0 on Python 3.10.12 [CPython GCC 11.4.0]
2026-10-03 19:38:30,074 - aqt.helper - DEBUG - helper 139783444557824 Attempt to download checksum at https://download.qt.io/online/qtsdkrepository/linux_x64/desktop/qt6_6113/qt6_6113/Updates.xml.sha256
2026-10-03 19:38:31,315 - aqt.helper - DEBUG - helper 139783444557824 Attempt to download checksum at https://download.qt.io/online/qtsdkrepository/linux_x64/extensions/qtwebengine/6113/x86_64/Updates.xml.sha256
2026-10-03 19:38:32,574 - aqt.archives - INFO - archives 139783444557824 Found extension qtwebengine
2026-10-03 19:38:32,575 - aqt.helper - DEBUG - helper 139783444557824 Attempt to download checksum at https://download.qt.io/online/qtsdkrepository/linux_x64/extensions/qtpdf/6113/x86_64/Updates.xml.sha256
2026-10-03 19:38:34,470 - aqt.archives - INFO - archives 139783444557824 Found extension qtpdf
2026-10-03 19:38:34,664 - aqt.helper - DEBUG - helper 140426020421632 Attempt to download checksum at https://download.qt.io/online/qtsdkrepository/linux_x64/desktop/qt6_6113/qt6_6113/qt.qt6.6113.addons.qtmultimedia.linux_gcc_64/6.11.3-0-202609240253qtmultimedia-Linux-RHEL_9_6-GCC-Linux-RHEL_9_6-X86_64.7z.sha256
2026-10-03 19:38:34,670 - aqt.helper - DEBUG - helper 140478147555328 Attempt to download checksum at https://download.qt.io/online/qtsdkrepository/linux_x64/desktop/qt6_6113/qt6_6113/qt.qt6.6113.linux_gcc_64/6.11.3-0-202609240253qtbase-Linux-RHEL_9_6-GCC-Linux-RHEL_9_6-X86_64.7z.sha256
2026-10-03 19:38:34,730 - aqt.helper - DEBUG - helper 139924987805696 Attempt to download checksum at https://download.qt.io/online/qtsdkrepository/linux_x64/desktop/qt6_6113/qt6_6113/qt.qt6.6113.linux_gcc_64/6.11.3-0-202609240253qtsvg-Linux-RHEL_9_6-GCC-Linux-RHEL_9_6-X86_64.7z.sha256
2026-10-03 19:38:34,744 - aqt.helper - DEBUG - helper 140584836247552 Attempt to download checksum at https://download.qt.io/online/qtsdkrepository/linux_x64/desktop/qt6_6113/qt6_6113/qt.qt6.6113.linux_gcc_64/6.11.3-0-202609240253qtdeclarative-Linux-RHEL_9_6-GCC-Linux-RHEL_9_6-X86_64.7z.sha256
2026-10-03 19:38:35,290 - aqt.helper - INFO - helper 140426020421632 Downloading qtmultimedia...
2026-10-03 19:38:35,291 - aqt.installer - DEBUG - installer 140426020421632 Download URL: https://download.qt.io/online/qtsdkrepository/linux_x64/desktop/qt6_6113/qt6_6113/qt.qt6.6113.addons.qtmultimedia.linux_gcc_64/6.11.3-0-202609240253qtmultimedia-Linux-RHEL_9_6-GCC-Linux-RHEL_9_6-X86_64.7z
2026-10-03 19:38:35,297 - aqt.helper - INFO - helper 140478147555328 Downloading qtbase...
2026-10-03 19:38:35,298 - aqt.installer - DEBUG - installer 140478147555328 Download URL: https://download.qt.io/online/qtsdkrepository/linux_x64/desktop/qt6_6113/qt6_6113/qt.qt6.6113.linux_gcc_64/6.11.3-0-202609240253qtbase-Linux-RHEL_9_6-GCC-Linux-RHEL_9_6-X86_64.7z
2026-10-03 19:38:35,306 - aqt.helper - INFO - helper 139924987805696 Downloading qtsvg...
2026-10-03 19:38:35,308 - aqt.installer - DEBUG - installer 139924987805696 Download URL: https://download.qt.io/online/qtsdkrepository/linux_x64/desktop/qt6_6113/qt6_6113/qt.qt6.6113.linux_gcc_64/6.11.3-0-202609240253qtsvg-Linux-RHEL_9_6-GCC-Linux-RHEL_9_6-X86_64.7z
2026-10-03 19:38:35,328 - aqt.helper - INFO - helper 140584836247552 Downloading qtdeclarative...
2026-10-03 19:38:35,329 - aqt.installer - DEBUG - installer 140584836247552 Download URL: https://download.qt.io/online/qtsdkrepository/linux_x64/desktop/qt6_6113/qt6_6113/qt.qt6.6113.linux_gcc_64/6.11.3-0-202609240253qtdeclarative-Linux-RHEL_9_6-GCC-Linux-RHEL_9_6-X86_64.7z
2026-10-03 19:38:35,886 - aqt.helper - DEBUG - helper 140426020421632 Asked to redirect(302) to: https://qt.mirror.constant.com/online/qtsdkrepository/linux_x64/desktop/qt6_6113/qt6_6113/qt.qt6.6113.addons.qtmultimedia.linux_gcc_64/6.11.3-0-202609240253qtmultimedia-Linux-RHEL_9_6-GCC-Linux-RHEL_9_6-X86_64.7z
2026-10-03 19:38:35,887 - aqt.helper - INFO - helper 140426020421632 Redirected: qt.mirror.constant.com
2026-10-03 19:38:35,918 - aqt.helper - DEBUG - helper 139924987805696 Asked to redirect(302) to: https://qt.mirror.constant.com/online/qtsdkrepository/linux_x64/desktop/qt6_6113/qt6_6113/qt.qt6.6113.linux_gcc_64/6.11.3-0-202609240253qtsvg-Linux-RHEL_9_6-GCC-Linux-RHEL_9_6-X86_64.7z
2026-10-03 19:38:35,918 - aqt.helper - INFO - helper 139924987805696 Redirected: qt.mirror.constant.com
2026-10-03 19:38:35,938 - aqt.helper - DEBUG - helper 140478147555328 Asked to redirect(302) to: https://qt.mirror.constant.com/online/qtsdkrepository/linux_x64/desktop/qt6_6113/qt6_6113/qt.qt6.6113.linux_gcc_64/6.11.3-0-202609240253qtbase-Linux-RHEL_9_6-GCC-Linux-RHEL_9_6-X86_64.7z
2026-10-03 19:38:35,939 - aqt.helper - INFO - helper 140478147555328 Redirected: qt.mirror.constant.com
2026-10-03 19:38:35,944 - aqt.helper - DEBUG - helper 140584836247552 Asked to redirect(302) to: https://qt.mirror.constant.com/online/qtsdkrepository/linux_x64/desktop/qt6_6113/qt6_6113/qt.qt6.6113.linux_gcc_64/6.11.3-0-202609240253qtdeclarative-Linux-RHEL_9_6-GCC-Linux-RHEL_9_6-X86_64.7z
2026-10-03 19:38:35,945 - aqt.helper - INFO - helper 140584836247552 Redirected: qt.mirror.constant.com
2026-10-03 19:38:36,435 - aqt.installer - INFO - installer 139924987805696 Finished installation of qtsvg-Linux-RHEL_9_6-GCC-Linux-RHEL_9_6-X86_64.7z in 1.70618663
2026-10-03 19:38:36,445 - aqt.helper - DEBUG - helper 139924987805696 Attempt to download checksum at https://download.qt.io/online/qtsdkrepository/linux_x64/desktop/qt6_6113/qt6_6113/qt.qt6.6113.linux_gcc_64/6.11.3-0-202609240253qtdoc-Linux-RHEL_9_6-GCC-Linux-RHEL_9_6-X86_64.7z.sha256
2026-10-03 19:38:37,337 - aqt.helper - INFO - helper 139924987805696 Downloading qtdoc...
2026-10-03 19:38:37,338 - aqt.installer - DEBUG - installer 139924987805696 Download URL: https://download.qt.io/online/qtsdkrepository/linux_x64/desktop/qt6_6113/qt6_6113/qt.qt6.6113.linux_gcc_64/6.11.3-0-202609240253qtdoc-Linux-RHEL_9_6-GCC-Linux-RHEL_9_6-X86_64.7z
2026-10-03 19:38:38,356 - aqt.helper - DEBUG - helper 139924987805696 Asked to redirect(302) to: https://qt.mirror.constant.com/online/qtsdkrepository/linux_x64/desktop/qt6_6113/qt6_6113/qt.qt6.6113.linux_gcc_64/6.11.3-0-202609240253qtdoc-Linux-RHEL_9_6-GCC-Linux-RHEL_9_6-X86_64.7z
2026-10-03 19:38:38,356 - aqt.helper - INFO - helper 139924987805696 Redirected: qt.mirror.constant.com
2026-10-03 19:38:40,024 - aqt.installer - INFO - installer 139924987805696 Finished installation of qtdoc-Linux-RHEL_9_6-GCC-Linux-RHEL_9_6-X86_64.7z in 3.58021261
2026-10-03 19:38:40,041 - aqt.helper - DEBUG - helper 139924987805696 Attempt to download checksum at https://download.qt.io/online/qtsdkrepository/linux_x64/desktop/qt6_6113/qt6_6113/qt.qt6.6113.linux_gcc_64/6.11.3-0-202609240253qttools-Linux-RHEL_9_6-GCC-Linux-RHEL_9_6-X86_64.7z.sha256
2026-10-03 19:38:40,775 - aqt.helper - INFO - helper 139924987805696 Downloading qttools...
2026-10-03 19:38:40,776 - aqt.installer - DEBUG - installer 139924987805696 Download URL: https://download.qt.io/online/qtsdkrepository/linux_x64/desktop/qt6_6113/qt6_6113/qt.qt6.6113.linux_gcc_64/6.11.3-0-202609240253qttools-Linux-RHEL_9_6-GCC-Linux-RHEL_9_6-X86_64.7z
2026-10-03 19:38:41,514 - aqt.helper - DEBUG - helper 139924987805696 Asked to redirect(302) to: https://qt.mirror.constant.com/online/qtsdkrepository/linux_x64/desktop/qt6_6113/qt6_6113/qt.qt6.6113.linux_gcc_64/6.11.3-0-202609240253qttools-Linux-RHEL_9_6-GCC-Linux-RHEL_9_6-X86_64.7z
2026-10-03 19:38:41,514 - aqt.helper - INFO - helper 139924987805696 Redirected: qt.mirror.constant.com
2026-10-03 19:38:42,048 - aqt.installer - INFO - installer 140478147555328 Finished installation of qtbase-Linux-RHEL_9_6-GCC-Linux-RHEL_9_6-X86_64.7z in 7.37962126
2026-10-03 19:38:42,063 - aqt.helper - DEBUG - helper 140478147555328 Attempt to download checksum at https://download.qt.io/online/qtsdkrepository/linux_x64/desktop/qt6_6113/qt6_6113/qt.qt6.6113.linux_gcc_64/6.11.3-0-202609240253qttranslations-Linux-RHEL_9_6-GCC-Linux-RHEL_9_6-X86_64.7z.sha256
2026-10-03 19:38:43,091 - aqt.helper - INFO - helper 140478147555328 Downloading qttranslations...
2026-10-03 19:38:43,092 - aqt.installer - DEBUG - installer 140478147555328 Download URL: https://download.qt.io/online/qtsdkrepository/linux_x64/desktop/qt6_6113/qt6_6113/qt.qt6.6113.linux_gcc_64/6.11.3-0-202609240253qttranslations-Linux-RHEL_9_6-GCC-Linux-RHEL_9_6-X86_64.7z
2026-10-03 19:38:44,044 - aqt.helper - DEBUG - helper 140478147555328 Asked to redirect(302) to: https://qt.mirror.constant.com/online/qtsdkrepository/linux_x64/desktop/qt6_6113/qt6_6113/qt.qt6.6113.linux_gcc_64/6.11.3-0-202609240253qttranslations-Linux-RHEL_9_6-GCC-Linux-RHEL_9_6-X86_64.7z
2026-10-03 19:38:44,044 - aqt.helper - INFO - helper 140478147555328 Redirected: qt.mirror.constant.com
2026-10-03 19:38:47,564 - aqt.installer - INFO - installer 140478147555328 Finished installation of qttranslations-Linux-RHEL_9_6-GCC-Linux-RHEL_9_6-X86_64.7z in 5.50279157
2026-10-03 19:38:47,577 - aqt.helper - DEBUG - helper 140478147555328 Attempt to download checksum at https://download.qt.io/online/qtsdkrepository/linux_x64/desktop/qt6_6113/qt6_6113/qt.qt6.6113.linux_gcc_64/6.11.3-0-202609240253qtwayland-Linux-RHEL_9_6-GCC-Linux-RHEL_9_6-X86_64.7z.sha256
2026-10-03 19:38:48,174 - aqt.helper - INFO - helper 140478147555328 Downloading qtwayland...
2026-10-03 19:38:48,175 - aqt.installer - DEBUG - installer 140478147555328 Download URL: https://download.qt.io/online/qtsdkrepository/linux_x64/desktop/qt6_6113/qt6_6113/qt.qt6.6113.linux_gcc_64/6.11.3-0-202609240253qtwayland-Linux-RHEL_9_6-GCC-Linux-RHEL_9_6-X86_64.7z
2026-10-03 19:38:48,776 - aqt.helper - DEBUG - helper 140478147555328 Asked to redirect(302) to: https://qt.mirror.constant.com/online/qtsdkrepository/linux_x64/desktop/qt6_6113/qt6_6113/qt.qt6.6113.linux_gcc_64/6.11.3-0-202609240253qtwayland-Linux-RHEL_9_6-GCC-Linux-RHEL_9_6-X86_64.7z
2026-10-03 19:38:48,776 - aqt.helper - INFO - helper 140478147555328 Redirected: qt.mirror.constant.com
2026-10-03 19:38:48,776 - aqt.installer - INFO - installer 140426020421632 Finished installation of qtmultimedia-Linux-RHEL_9_6-GCC-Linux-RHEL_9_6-X86_64.7z in 14.11313811
2026-10-03 19:38:48,800 - aqt.helper - DEBUG - helper 140426020421632 Attempt to download checksum at https://download.qt.io/online/qtsdkrepository/linux_x64/desktop/qt6_6113/qt6_6113/qt.qt6.6113.linux_gcc_64/6.11.3-0-202609240253icu-linux-Rhel8.6-x86_64.7z.sha256
2026-10-03 19:38:49,110 - aqt.installer - INFO - installer 140478147555328 Finished installation of qtwayland-Linux-RHEL_9_6-GCC-Linux-RHEL_9_6-X86_64.7z in 1.53494736
2026-10-03 19:38:49,372 - aqt.helper - INFO - helper 140426020421632 Downloading icu...
2026-10-03 19:38:49,372 - aqt.installer - DEBUG - installer 140426020421632 Download URL: https://download.qt.io/online/qtsdkrepository/linux_x64/desktop/qt6_6113/qt6_6113/qt.qt6.6113.linux_gcc_64/6.11.3-0-202609240253icu-linux-Rhel8.6-x86_64.7z
2026-10-03 19:38:49,979 - aqt.helper - DEBUG - helper 140426020421632 Asked to redirect(302) to: https://qt.mirror.constant.com/online/qtsdkrepository/linux_x64/desktop/qt6_6113/qt6_6113/qt.qt6.6113.linux_gcc_64/6.11.3-0-202609240253icu-linux-Rhel8.6-x86_64.7z
2026-10-03 19:38:49,979 - aqt.helper - INFO - helper 140426020421632 Redirected: qt.mirror.constant.com
2026-10-03 19:38:51,841 - aqt.installer - INFO - installer 140426020421632 Finished installation of icu-linux-Rhel8.6-x86_64.7z in 3.04222043
2026-10-03 19:38:54,767 - aqt.installer - INFO - installer 139924987805696 Finished installation of qttools-Linux-RHEL_9_6-GCC-Linux-RHEL_9_6-X86_64.7z in 14.72794142
2026-10-03 19:39:02,590 - aqt.installer - INFO - installer 140584836247552 Finished installation of qtdeclarative-Linux-RHEL_9_6-GCC-Linux-RHEL_9_6-X86_64.7z in 27.84687548
2026-10-03 19:39:02,774 - aqt.updater - INFO - updater 139783444557824 Patching /src/.package-cache/qt-download/6.11.3/gcc_64/bin/qmake
2026-10-03 19:39:02,782 - aqt.updater - INFO - updater 139783444557824 Patching /src/.package-cache/qt-download/6.11.3/gcc_64/lib/pkgconfig/Qt6Svg.pc
2026-10-03 19:39:02,783 - aqt.updater - INFO - updater 139783444557824 Patching /src/.package-cache/qt-download/6.11.3/gcc_64/lib/pkgconfig/Qt6SvgWidgets.pc
2026-10-03 19:39:02,784 - aqt.updater - INFO - updater 139783444557824 Patching /src/.package-cache/qt-download/6.11.3/gcc_64/lib/pkgconfig/Qt6Concurrent.pc
2026-10-03 19:39:02,785 - aqt.updater - INFO - updater 139783444557824 Patching /src/.package-cache/qt-download/6.11.3/gcc_64/lib/pkgconfig/Qt6Core.pc
2026-10-03 19:39:02,786 - aqt.updater - INFO - updater 139783444557824 Patching /src/.package-cache/qt-download/6.11.3/gcc_64/lib/pkgconfig/Qt6DBus.pc
2026-10-03 19:39:02,787 - aqt.updater - INFO - updater 139783444557824 Patching /src/.package-cache/qt-download/6.11.3/gcc_64/lib/pkgconfig/Qt6Gui.pc
2026-10-03 19:39:02,787 - aqt.updater - INFO - updater 139783444557824 Patching /src/.package-cache/qt-download/6.11.3/gcc_64/lib/pkgconfig/Qt6Network.pc
2026-10-03 19:39:02,788 - aqt.updater - INFO - updater 139783444557824 Patching /src/.package-cache/qt-download/6.11.3/gcc_64/lib/pkgconfig/Qt6OpenGL.pc
2026-10-03 19:39:02,789 - aqt.updater - INFO - updater 139783444557824 Patching /src/.package-cache/qt-download/6.11.3/gcc_64/lib/pkgconfig/Qt6OpenGLWidgets.pc
2026-10-03 19:39:02,789 - aqt.updater - INFO - updater 139783444557824 Patching /src/.package-cache/qt-download/6.11.3/gcc_64/lib/pkgconfig/Qt6Platform.pc
2026-10-03 19:39:02,790 - aqt.updater - INFO - updater 139783444557824 Patching /src/.package-cache/qt-download/6.11.3/gcc_64/lib/pkgconfig/Qt6PrintSupport.pc
2026-10-03 19:39:02,790 - aqt.updater - INFO - updater 139783444557824 Patching /src/.package-cache/qt-download/6.11.3/gcc_64/lib/pkgconfig/Qt6Sql.pc
2026-10-03 19:39:02,791 - aqt.updater - INFO - updater 139783444557824 Patching /src/.package-cache/qt-download/6.11.3/gcc_64/lib/pkgconfig/Qt6Test.pc
2026-10-03 19:39:02,791 - aqt.updater - INFO - updater 139783444557824 Patching /src/.package-cache/qt-download/6.11.3/gcc_64/lib/pkgconfig/Qt6WaylandClient.pc
2026-10-03 19:39:02,792 - aqt.updater - INFO - updater 139783444557824 Patching /src/.package-cache/qt-download/6.11.3/gcc_64/lib/pkgconfig/Qt6Widgets.pc
2026-10-03 19:39:02,792 - aqt.updater - INFO - updater 139783444557824 Patching /src/.package-cache/qt-download/6.11.3/gcc_64/lib/pkgconfig/Qt6Xml.pc
2026-10-03 19:39:02,792 - aqt.updater - INFO - updater 139783444557824 Patching /src/.package-cache/qt-download/6.11.3/gcc_64/lib/pkgconfig/Qt6Multimedia.pc
2026-10-03 19:39:02,793 - aqt.updater - INFO - updater 139783444557824 Patching /src/.package-cache/qt-download/6.11.3/gcc_64/lib/pkgconfig/Qt6MultimediaWidgets.pc
2026-10-03 19:39:02,793 - aqt.updater - INFO - updater 139783444557824 Patching /src/.package-cache/qt-download/6.11.3/gcc_64/lib/pkgconfig/Qt6SpatialAudio.pc
2026-10-03 19:39:02,793 - aqt.updater - INFO - updater 139783444557824 Patching /src/.package-cache/qt-download/6.11.3/gcc_64/lib/pkgconfig/Qt6Designer.pc
2026-10-03 19:39:02,794 - aqt.updater - INFO - updater 139783444557824 Patching /src/.package-cache/qt-download/6.11.3/gcc_64/lib/pkgconfig/Qt6Help.pc
2026-10-03 19:39:02,794 - aqt.updater - INFO - updater 139783444557824 Patching /src/.package-cache/qt-download/6.11.3/gcc_64/lib/pkgconfig/Qt6Linguist.pc
2026-10-03 19:39:02,794 - aqt.updater - INFO - updater 139783444557824 Patching /src/.package-cache/qt-download/6.11.3/gcc_64/lib/pkgconfig/Qt6UiPlugin.pc
2026-10-03 19:39:02,794 - aqt.updater - INFO - updater 139783444557824 Patching /src/.package-cache/qt-download/6.11.3/gcc_64/lib/pkgconfig/Qt6UiTools.pc
2026-10-03 19:39:02,795 - aqt.updater - INFO - updater 139783444557824 Patching /src/.package-cache/qt-download/6.11.3/gcc_64/lib/pkgconfig/Qt6LabsAnimation.pc
2026-10-03 19:39:02,795 - aqt.updater - INFO - updater 139783444557824 Patching /src/.package-cache/qt-download/6.11.3/gcc_64/lib/pkgconfig/Qt6LabsFolderListModel.pc
2026-10-03 19:39:02,795 - aqt.updater - INFO - updater 139783444557824 Patching /src/.package-cache/qt-download/6.11.3/gcc_64/lib/pkgconfig/Qt6LabsPlatform.pc
2026-10-03 19:39:02,795 - aqt.updater - INFO - updater 139783444557824 Patching /src/.package-cache/qt-download/6.11.3/gcc_64/lib/pkgconfig/Qt6LabsQmlModels.pc
2026-10-03 19:39:02,796 - aqt.updater - INFO - updater 139783444557824 Patching /src/.package-cache/qt-download/6.11.3/gcc_64/lib/pkgconfig/Qt6LabsSettings.pc
2026-10-03 19:39:02,796 - aqt.updater - INFO - updater 139783444557824 Patching /src/.package-cache/qt-download/6.11.3/gcc_64/lib/pkgconfig/Qt6LabsSharedImage.pc
2026-10-03 19:39:02,796 - aqt.updater - INFO - updater 139783444557824 Patching /src/.package-cache/qt-download/6.11.3/gcc_64/lib/pkgconfig/Qt6LabsStyleKit.pc
2026-10-03 19:39:02,796 - aqt.updater - INFO - updater 139783444557824 Patching /src/.package-cache/qt-download/6.11.3/gcc_64/lib/pkgconfig/Qt6LabsStyleKitImpl.pc
2026-10-03 19:39:02,796 - aqt.updater - INFO - updater 139783444557824 Patching /src/.package-cache/qt-download/6.11.3/gcc_64/lib/pkgconfig/Qt6LabsSynchronizer.pc
2026-10-03 19:39:02,797 - aqt.updater - INFO - updater 139783444557824 Patching /src/.package-cache/qt-download/6.11.3/gcc_64/lib/pkgconfig/Qt6LabsWavefrontMesh.pc
2026-10-03 19:39:02,797 - aqt.updater - INFO - updater 139783444557824 Patching /src/.package-cache/qt-download/6.11.3/gcc_64/lib/pkgconfig/Qt6Qml.pc
2026-10-03 19:39:02,797 - aqt.updater - INFO - updater 139783444557824 Patching /src/.package-cache/qt-download/6.11.3/gcc_64/lib/pkgconfig/Qt6QmlCompiler.pc
2026-10-03 19:39:02,797 - aqt.updater - INFO - updater 139783444557824 Patching /src/.package-cache/qt-download/6.11.3/gcc_64/lib/pkgconfig/Qt6QmlCore.pc
2026-10-03 19:39:02,798 - aqt.updater - INFO - updater 139783444557824 Patching /src/.package-cache/qt-download/6.11.3/gcc_64/lib/pkgconfig/Qt6QmlIntegration.pc
2026-10-03 19:39:02,798 - aqt.updater - INFO - updater 139783444557824 Patching /src/.package-cache/qt-download/6.11.3/gcc_64/lib/pkgconfig/Qt6QmlLocalStorage.pc
2026-10-03 19:39:02,798 - aqt.updater - INFO - updater 139783444557824 Patching /src/.package-cache/qt-download/6.11.3/gcc_64/lib/pkgconfig/Qt6QmlMeta.pc
2026-10-03 19:39:02,798 - aqt.updater - INFO - updater 139783444557824 Patching /src/.package-cache/qt-download/6.11.3/gcc_64/lib/pkgconfig/Qt6QmlModels.pc
2026-10-03 19:39:02,798 - aqt.updater - INFO - updater 139783444557824 Patching /src/.package-cache/qt-download/6.11.3/gcc_64/lib/pkgconfig/Qt6QmlNetwork.pc
2026-10-03 19:39:02,798 - aqt.updater - INFO - updater 139783444557824 Patching /src/.package-cache/qt-download/6.11.3/gcc_64/lib/pkgconfig/Qt6QmlWorkerScript.pc
2026-10-03 19:39:02,798 - aqt.updater - INFO - updater 139783444557824 Patching /src/.package-cache/qt-download/6.11.3/gcc_64/lib/pkgconfig/Qt6QmlXmlListModel.pc
2026-10-03 19:39:02,798 - aqt.updater - INFO - updater 139783444557824 Patching /src/.package-cache/qt-download/6.11.3/gcc_64/lib/pkgconfig/Qt6Quick.pc
2026-10-03 19:39:02,798 - aqt.updater - INFO - updater 139783444557824 Patching /src/.package-cache/qt-download/6.11.3/gcc_64/lib/pkgconfig/Qt6QuickControls2.pc
2026-10-03 19:39:02,798 - aqt.updater - INFO - updater 139783444557824 Patching /src/.package-cache/qt-download/6.11.3/gcc_64/lib/pkgconfig/Qt6QuickControls2Basic.pc
2026-10-03 19:39:02,798 - aqt.updater - INFO - updater 139783444557824 Patching /src/.package-cache/qt-download/6.11.3/gcc_64/lib/pkgconfig/Qt6QuickControls2BasicStyleImpl.pc
2026-10-03 19:39:02,799 - aqt.updater - INFO - updater 139783444557824 Patching /src/.package-cache/qt-download/6.11.3/gcc_64/lib/pkgconfig/Qt6QuickControls2FluentWinUI3StyleImpl.pc
2026-10-03 19:39:02,799 - aqt.updater - INFO - updater 139783444557824 Patching /src/.package-cache/qt-download/6.11.3/gcc_64/lib/pkgconfig/Qt6QuickControls2Fusion.pc
2026-10-03 19:39:02,799 - aqt.updater - INFO - updater 139783444557824 Patching /src/.package-cache/qt-download/6.11.3/gcc_64/lib/pkgconfig/Qt6QuickControls2FusionStyleImpl.pc
2026-10-03 19:39:02,799 - aqt.updater - INFO - updater 139783444557824 Patching /src/.package-cache/qt-download/6.11.3/gcc_64/lib/pkgconfig/Qt6QuickControls2Imagine.pc
2026-10-03 19:39:02,799 - aqt.updater - INFO - updater 139783444557824 Patching /src/.package-cache/qt-download/6.11.3/gcc_64/lib/pkgconfig/Qt6QuickControls2ImagineStyleImpl.pc
2026-10-03 19:39:02,799 - aqt.updater - INFO - updater 139783444557824 Patching /src/.package-cache/qt-download/6.11.3/gcc_64/lib/pkgconfig/Qt6QuickControls2Impl.pc
2026-10-03 19:39:02,799 - aqt.updater - INFO - updater 139783444557824 Patching /src/.package-cache/qt-download/6.11.3/gcc_64/lib/pkgconfig/Qt6QuickControls2Material.pc
2026-10-03 19:39:02,799 - aqt.updater - INFO - updater 139783444557824 Patching /src/.package-cache/qt-download/6.11.3/gcc_64/lib/pkgconfig/Qt6QuickControls2MaterialStyleImpl.pc
2026-10-03 19:39:02,799 - aqt.updater - INFO - updater 139783444557824 Patching /src/.package-cache/qt-download/6.11.3/gcc_64/lib/pkgconfig/Qt6QuickControls2Universal.pc
2026-10-03 19:39:02,799 - aqt.updater - INFO - updater 139783444557824 Patching /src/.package-cache/qt-download/6.11.3/gcc_64/lib/pkgconfig/Qt6QuickControls2UniversalStyleImpl.pc
2026-10-03 19:39:02,800 - aqt.updater - INFO - updater 139783444557824 Patching /src/.package-cache/qt-download/6.11.3/gcc_64/lib/pkgconfig/Qt6QuickDialogs2.pc
2026-10-03 19:39:02,800 - aqt.updater - INFO - updater 139783444557824 Patching /src/.package-cache/qt-download/6.11.3/gcc_64/lib/pkgconfig/Qt6QuickDialogs2QuickImpl.pc
2026-10-03 19:39:02,800 - aqt.updater - INFO - updater 139783444557824 Patching /src/.package-cache/qt-download/6.11.3/gcc_64/lib/pkgconfig/Qt6QuickDialogs2Utils.pc
2026-10-03 19:39:02,800 - aqt.updater - INFO - updater 139783444557824 Patching /src/.package-cache/qt-download/6.11.3/gcc_64/lib/pkgconfig/Qt6QuickEffects.pc
2026-10-03 19:39:02,800 - aqt.updater - INFO - updater 139783444557824 Patching /src/.package-cache/qt-download/6.11.3/gcc_64/lib/pkgconfig/Qt6QuickLayouts.pc
2026-10-03 19:39:02,800 - aqt.updater - INFO - updater 139783444557824 Patching /src/.package-cache/qt-download/6.11.3/gcc_64/lib/pkgconfig/Qt6QuickShapes.pc
2026-10-03 19:39:02,800 - aqt.updater - INFO - updater 139783444557824 Patching /src/.package-cache/qt-download/6.11.3/gcc_64/lib/pkgconfig/Qt6QuickTemplates2.pc
2026-10-03 19:39:02,800 - aqt.updater - INFO - updater 139783444557824 Patching /src/.package-cache/qt-download/6.11.3/gcc_64/lib/pkgconfig/Qt6QuickTest.pc
2026-10-03 19:39:02,800 - aqt.updater - INFO - updater 139783444557824 Patching /src/.package-cache/qt-download/6.11.3/gcc_64/lib/pkgconfig/Qt6QuickVectorImage.pc
2026-10-03 19:39:02,800 - aqt.updater - INFO - updater 139783444557824 Patching /src/.package-cache/qt-download/6.11.3/gcc_64/lib/pkgconfig/Qt6QuickVectorImageHelpers.pc
2026-10-03 19:39:02,800 - aqt.updater - INFO - updater 139783444557824 Patching /src/.package-cache/qt-download/6.11.3/gcc_64/lib/pkgconfig/Qt6QuickWidgets.pc
2026-10-03 19:39:02,801 - aqt.updater - INFO - updater 139783444557824 Patching /src/.package-cache/qt-download/6.11.3/gcc_64/lib/libQt6Svg.prl
2026-10-03 19:39:02,801 - aqt.updater - INFO - updater 139783444557824 Patching /src/.package-cache/qt-download/6.11.3/gcc_64/lib/libQt6SvgWidgets.prl
2026-10-03 19:39:02,801 - aqt.updater - INFO - updater 139783444557824 Patching /src/.package-cache/qt-download/6.11.3/gcc_64/lib/libQt6QmlAssetDownloader.prl
2026-10-03 19:39:02,802 - aqt.updater - INFO - updater 139783444557824 Patching /src/.package-cache/qt-download/6.11.3/gcc_64/lib/libQt6Concurrent.prl
2026-10-03 19:39:02,802 - aqt.updater - INFO - updater 139783444557824 Patching /src/.package-cache/qt-download/6.11.3/gcc_64/lib/libQt6Core.prl
2026-10-03 19:39:02,802 - aqt.updater - INFO - updater 139783444557824 Patching /src/.package-cache/qt-download/6.11.3/gcc_64/lib/libQt6DBus.prl
2026-10-03 19:39:02,802 - aqt.updater - INFO - updater 139783444557824 Patching /src/.package-cache/qt-download/6.11.3/gcc_64/lib/libQt6DeviceDiscoverySupport.prl
2026-10-03 19:39:02,802 - aqt.updater - INFO - updater 139783444557824 Patching /src/.package-cache/qt-download/6.11.3/gcc_64/lib/libQt6EglFSDeviceIntegration.prl
2026-10-03 19:39:02,803 - aqt.updater - INFO - updater 139783444557824 Patching /src/.package-cache/qt-download/6.11.3/gcc_64/lib/libQt6EglFsKmsGbmSupport.prl
2026-10-03 19:39:02,803 - aqt.updater - INFO - updater 139783444557824 Patching /src/.package-cache/qt-download/6.11.3/gcc_64/lib/libQt6EglFsKmsSupport.prl
2026-10-03 19:39:02,803 - aqt.updater - INFO - updater 139783444557824 Patching /src/.package-cache/qt-download/6.11.3/gcc_64/lib/libQt6FbSupport.prl
2026-10-03 19:39:02,804 - aqt.updater - INFO - updater 139783444557824 Patching /src/.package-cache/qt-download/6.11.3/gcc_64/lib/libQt6Gui.prl
2026-10-03 19:39:02,804 - aqt.updater - INFO - updater 139783444557824 Patching /src/.package-cache/qt-download/6.11.3/gcc_64/lib/libQt6InputSupport.prl
2026-10-03 19:39:02,804 - aqt.updater - INFO - updater 139783444557824 Patching /src/.package-cache/qt-download/6.11.3/gcc_64/lib/libQt6KmsSupport.prl
2026-10-03 19:39:02,804 - aqt.updater - INFO - updater 139783444557824 Patching /src/.package-cache/qt-download/6.11.3/gcc_64/lib/libQt6Network.prl
2026-10-03 19:39:02,805 - aqt.updater - INFO - updater 139783444557824 Patching /src/.package-cache/qt-download/6.11.3/gcc_64/lib/libQt6OpenGL.prl
2026-10-03 19:39:02,805 - aqt.updater - INFO - updater 139783444557824 Patching /src/.package-cache/qt-download/6.11.3/gcc_64/lib/libQt6OpenGLWidgets.prl
2026-10-03 19:39:02,805 - aqt.updater - INFO - updater 139783444557824 Patching /src/.package-cache/qt-download/6.11.3/gcc_64/lib/libQt6PrintSupport.prl
2026-10-03 19:39:02,806 - aqt.updater - INFO - updater 139783444557824 Patching /src/.package-cache/qt-download/6.11.3/gcc_64/lib/libQt6Sql.prl
2026-10-03 19:39:02,806 - aqt.updater - INFO - updater 139783444557824 Patching /src/.package-cache/qt-download/6.11.3/gcc_64/lib/libQt6Test.prl
2026-10-03 19:39:02,806 - aqt.updater - INFO - updater 139783444557824 Patching /src/.package-cache/qt-download/6.11.3/gcc_64/lib/libQt6WaylandClient.prl
2026-10-03 19:39:02,807 - aqt.updater - INFO - updater 139783444557824 Patching /src/.package-cache/qt-download/6.11.3/gcc_64/lib/libQt6Widgets.prl
2026-10-03 19:39:02,807 - aqt.updater - INFO - updater 139783444557824 Patching /src/.package-cache/qt-download/6.11.3/gcc_64/lib/libQt6WlShellIntegration.prl
2026-10-03 19:39:02,807 - aqt.updater - INFO - updater 139783444557824 Patching /src/.package-cache/qt-download/6.11.3/gcc_64/lib/libQt6XcbQpa.prl
2026-10-03 19:39:02,808 - aqt.updater - INFO - updater 139783444557824 Patching /src/.package-cache/qt-download/6.11.3/gcc_64/lib/libQt6Xml.prl
2026-10-03 19:39:02,808 - aqt.updater - INFO - updater 139783444557824 Patching /src/.package-cache/qt-download/6.11.3/gcc_64/lib/libQt6FFmpegMediaPluginImpl.prl
2026-10-03 19:39:02,809 - aqt.updater - INFO - updater 139783444557824 Patching /src/.package-cache/qt-download/6.11.3/gcc_64/lib/libQt6Multimedia.prl
2026-10-03 19:39:02,809 - aqt.updater - INFO - updater 139783444557824 Patching /src/.package-cache/qt-download/6.11.3/gcc_64/lib/libQt6MultimediaQuick.prl
2026-10-03 19:39:02,809 - aqt.updater - INFO - updater 139783444557824 Patching /src/.package-cache/qt-download/6.11.3/gcc_64/lib/libQt6MultimediaTestLib.prl
2026-10-03 19:39:02,810 - aqt.updater - INFO - updater 139783444557824 Patching /src/.package-cache/qt-download/6.11.3/gcc_64/lib/libQt6MultimediaWidgets.prl
2026-10-03 19:39:02,810 - aqt.updater - INFO - updater 139783444557824 Patching /src/.package-cache/qt-download/6.11.3/gcc_64/lib/libQt6Quick3DSpatialAudio.prl
2026-10-03 19:39:02,810 - aqt.updater - INFO - updater 139783444557824 Patching /src/.package-cache/qt-download/6.11.3/gcc_64/lib/libQt6SpatialAudio.prl
2026-10-03 19:39:02,810 - aqt.updater - INFO - updater 139783444557824 Patching /src/.package-cache/qt-download/6.11.3/gcc_64/lib/libQt6LabsAnimation.prl
2026-10-03 19:39:02,810 - aqt.updater - INFO - updater 139783444557824 Patching /src/.package-cache/qt-download/6.11.3/gcc_64/lib/libQt6LabsFolderListModel.prl
2026-10-03 19:39:02,810 - aqt.updater - INFO - updater 139783444557824 Patching /src/.package-cache/qt-download/6.11.3/gcc_64/lib/libQt6LabsPlatform.prl
2026-10-03 19:39:02,810 - aqt.updater - INFO - updater 139783444557824 Patching /src/.package-cache/qt-download/6.11.3/gcc_64/lib/libQt6LabsQmlModels.prl
2026-10-03 19:39:02,810 - aqt.updater - INFO - updater 139783444557824 Patching /src/.package-cache/qt-download/6.11.3/gcc_64/lib/libQt6LabsSettings.prl
2026-10-03 19:39:02,811 - aqt.updater - INFO - updater 139783444557824 Patching /src/.package-cache/qt-download/6.11.3/gcc_64/lib/libQt6LabsSharedImage.prl
2026-10-03 19:39:02,811 - aqt.updater - INFO - updater 139783444557824 Patching /src/.package-cache/qt-download/6.11.3/gcc_64/lib/libQt6LabsStyleKit.prl
2026-10-03 19:39:02,811 - aqt.updater - INFO - updater 139783444557824 Patching /src/.package-cache/qt-download/6.11.3/gcc_64/lib/libQt6LabsStyleKitImpl.prl
2026-10-03 19:39:02,811 - aqt.updater - INFO - updater 139783444557824 Patching /src/.package-cache/qt-download/6.11.3/gcc_64/lib/libQt6LabsSynchronizer.prl
2026-10-03 19:39:02,811 - aqt.updater - INFO - updater 139783444557824 Patching /src/.package-cache/qt-download/6.11.3/gcc_64/lib/libQt6LabsWavefrontMesh.prl
2026-10-03 19:39:02,811 - aqt.updater - INFO - updater 139783444557824 Patching /src/.package-cache/qt-download/6.11.3/gcc_64/lib/libQt6PacketProtocol.prl
2026-10-03 19:39:02,811 - aqt.updater - INFO - updater 139783444557824 Patching /src/.package-cache/qt-download/6.11.3/gcc_64/lib/libQt6Qml.prl
2026-10-03 19:39:02,811 - aqt.updater - INFO - updater 139783444557824 Patching /src/.package-cache/qt-download/6.11.3/gcc_64/lib/libQt6QmlCompiler.prl
2026-10-03 19:39:02,811 - aqt.updater - INFO - updater 139783444557824 Patching /src/.package-cache/qt-download/6.11.3/gcc_64/lib/libQt6QmlCore.prl
2026-10-03 19:39:02,812 - aqt.updater - INFO - updater 139783444557824 Patching /src/.package-cache/qt-download/6.11.3/gcc_64/lib/libQt6QmlDebug.prl
2026-10-03 19:39:02,812 - aqt.updater - INFO - updater 139783444557824 Patching /src/.package-cache/qt-download/6.11.3/gcc_64/lib/libQt6QmlDom.prl
2026-10-03 19:39:02,812 - aqt.updater - INFO - updater 139783444557824 Patching /src/.package-cache/qt-download/6.11.3/gcc_64/lib/libQt6Designer.prl
2026-10-03 19:39:02,812 - aqt.updater - INFO - updater 139783444557824 Patching /src/.package-cache/qt-download/6.11.3/gcc_64/lib/libQt6DesignerComponents.prl
2026-10-03 19:39:02,812 - aqt.updater - INFO - updater 139783444557824 Patching /src/.package-cache/qt-download/6.11.3/gcc_64/lib/libQt6Help.prl
2026-10-03 19:39:02,812 - aqt.updater - INFO - updater 139783444557824 Patching /src/.package-cache/qt-download/6.11.3/gcc_64/lib/libQt6UiTools.prl
2026-10-03 19:39:02,812 - aqt.updater - INFO - updater 139783444557824 Patching /src/.package-cache/qt-download/6.11.3/gcc_64/lib/libQt6QmlFormat.prl
2026-10-03 19:39:02,812 - aqt.updater - INFO - updater 139783444557824 Patching /src/.package-cache/qt-download/6.11.3/gcc_64/lib/libQt6QmlLS.prl
2026-10-03 19:39:02,812 - aqt.updater - INFO - updater 139783444557824 Patching /src/.package-cache/qt-download/6.11.3/gcc_64/lib/libQt6QmlLocalStorage.prl
2026-10-03 19:39:02,813 - aqt.updater - INFO - updater 139783444557824 Patching /src/.package-cache/qt-download/6.11.3/gcc_64/lib/libQt6QmlMeta.prl
2026-10-03 19:39:02,813 - aqt.updater - INFO - updater 139783444557824 Patching /src/.package-cache/qt-download/6.11.3/gcc_64/lib/libQt6QmlModels.prl
2026-10-03 19:39:02,813 - aqt.updater - INFO - updater 139783444557824 Patching /src/.package-cache/qt-download/6.11.3/gcc_64/lib/libQt6QmlNetwork.prl
2026-10-03 19:39:02,813 - aqt.updater - INFO - updater 139783444557824 Patching /src/.package-cache/qt-download/6.11.3/gcc_64/lib/libQt6QmlToolingSettings.prl
2026-10-03 19:39:02,813 - aqt.updater - INFO - updater 139783444557824 Patching /src/.package-cache/qt-download/6.11.3/gcc_64/lib/libQt6QmlTypeRegistrar.prl
2026-10-03 19:39:02,813 - aqt.updater - INFO - updater 139783444557824 Patching /src/.package-cache/qt-download/6.11.3/gcc_64/lib/libQt6QmlWorkerScript.prl
2026-10-03 19:39:02,813 - aqt.updater - INFO - updater 139783444557824 Patching /src/.package-cache/qt-download/6.11.3/gcc_64/lib/libQt6QmlXmlListModel.prl
2026-10-03 19:39:02,814 - aqt.updater - INFO - updater 139783444557824 Patching /src/.package-cache/qt-download/6.11.3/gcc_64/lib/libQt6Qmltc.prl
2026-10-03 19:39:02,814 - aqt.updater - INFO - updater 139783444557824 Patching /src/.package-cache/qt-download/6.11.3/gcc_64/lib/libQt6Quick.prl
2026-10-03 19:39:02,814 - aqt.updater - INFO - updater 139783444557824 Patching /src/.package-cache/qt-download/6.11.3/gcc_64/lib/libQt6QuickControls2.prl
2026-10-03 19:39:02,814 - aqt.updater - INFO - updater 139783444557824 Patching /src/.package-cache/qt-download/6.11.3/gcc_64/lib/libQt6QuickControls2Basic.prl
2026-10-03 19:39:02,814 - aqt.updater - INFO - updater 139783444557824 Patching /src/.package-cache/qt-download/6.11.3/gcc_64/lib/libQt6QuickControls2BasicStyleImpl.prl
2026-10-03 19:39:02,814 - aqt.updater - INFO - updater 139783444557824 Patching /src/.package-cache/qt-download/6.11.3/gcc_64/lib/libQt6QuickControls2FluentWinUI3StyleImpl.prl
2026-10-03 19:39:02,814 - aqt.updater - INFO - updater 139783444557824 Patching /src/.package-cache/qt-download/6.11.3/gcc_64/lib/libQt6QuickControls2Fusion.prl
2026-10-03 19:39:02,815 - aqt.updater - INFO - updater 139783444557824 Patching /src/.package-cache/qt-download/6.11.3/gcc_64/lib/libQt6QuickControls2FusionStyleImpl.prl
2026-10-03 19:39:02,815 - aqt.updater - INFO - updater 139783444557824 Patching /src/.package-cache/qt-download/6.11.3/gcc_64/lib/libQt6QuickControls2Imagine.prl
2026-10-03 19:39:02,816 - aqt.updater - INFO - updater 139783444557824 Patching /src/.package-cache/qt-download/6.11.3/gcc_64/lib/libQt6QuickControls2ImagineStyleImpl.prl
2026-10-03 19:39:02,816 - aqt.updater - INFO - updater 139783444557824 Patching /src/.package-cache/qt-download/6.11.3/gcc_64/lib/libQt6QuickControls2Impl.prl
2026-10-03 19:39:02,817 - aqt.updater - INFO - updater 139783444557824 Patching /src/.package-cache/qt-download/6.11.3/gcc_64/lib/libQt6QuickControls2Material.prl
2026-10-03 19:39:02,817 - aqt.updater - INFO - updater 139783444557824 Patching /src/.package-cache/qt-download/6.11.3/gcc_64/lib/libQt6QuickControls2MaterialStyleImpl.prl
2026-10-03 19:39:02,817 - aqt.updater - INFO - updater 139783444557824 Patching /src/.package-cache/qt-download/6.11.3/gcc_64/lib/libQt6QuickControls2Universal.prl
2026-10-03 19:39:02,818 - aqt.updater - INFO - updater 139783444557824 Patching /src/.package-cache/qt-download/6.11.3/gcc_64/lib/libQt6QuickControls2UniversalStyleImpl.prl
2026-10-03 19:39:02,818 - aqt.updater - INFO - updater 139783444557824 Patching /src/.package-cache/qt-download/6.11.3/gcc_64/lib/libQt6QuickControlsTestUtils.prl
2026-10-03 19:39:02,819 - aqt.updater - INFO - updater 139783444557824 Patching /src/.package-cache/qt-download/6.11.3/gcc_64/lib/libQt6QuickDialogs2.prl
2026-10-03 19:39:02,819 - aqt.updater - INFO - updater 139783444557824 Patching /src/.package-cache/qt-download/6.11.3/gcc_64/lib/libQt6QuickDialogs2QuickImpl.prl
2026-10-03 19:39:02,820 - aqt.updater - INFO - updater 139783444557824 Patching /src/.package-cache/qt-download/6.11.3/gcc_64/lib/libQt6QuickDialogs2Utils.prl
2026-10-03 19:39:02,820 - aqt.updater - INFO - updater 139783444557824 Patching /src/.package-cache/qt-download/6.11.3/gcc_64/lib/libQt6QuickEffects.prl
2026-10-03 19:39:02,821 - aqt.updater - INFO - updater 139783444557824 Patching /src/.package-cache/qt-download/6.11.3/gcc_64/lib/libQt6QuickLayouts.prl
2026-10-03 19:39:02,821 - aqt.updater - INFO - updater 139783444557824 Patching /src/.package-cache/qt-download/6.11.3/gcc_64/lib/libQt6QuickParticles.prl
2026-10-03 19:39:02,821 - aqt.updater - INFO - updater 139783444557824 Patching /src/.package-cache/qt-download/6.11.3/gcc_64/lib/libQt6QuickShapes.prl
2026-10-03 19:39:02,822 - aqt.updater - INFO - updater 139783444557824 Patching /src/.package-cache/qt-download/6.11.3/gcc_64/lib/libQt6QuickShapesDesignHelpers.prl
2026-10-03 19:39:02,822 - aqt.updater - INFO - updater 139783444557824 Patching /src/.package-cache/qt-download/6.11.3/gcc_64/lib/libQt6QuickTemplates2.prl
2026-10-03 19:39:02,822 - aqt.updater - INFO - updater 139783444557824 Patching /src/.package-cache/qt-download/6.11.3/gcc_64/lib/libQt6QuickTest.prl
2026-10-03 19:39:02,822 - aqt.updater - INFO - updater 139783444557824 Patching /src/.package-cache/qt-download/6.11.3/gcc_64/lib/libQt6QuickTestUtils.prl
2026-10-03 19:39:02,822 - aqt.updater - INFO - updater 139783444557824 Patching /src/.package-cache/qt-download/6.11.3/gcc_64/lib/libQt6QuickVectorImage.prl
2026-10-03 19:39:02,823 - aqt.updater - INFO - updater 139783444557824 Patching /src/.package-cache/qt-download/6.11.3/gcc_64/lib/libQt6QuickVectorImageGenerator.prl
2026-10-03 19:39:02,823 - aqt.updater - INFO - updater 139783444557824 Patching /src/.package-cache/qt-download/6.11.3/gcc_64/lib/libQt6QuickVectorImageHelpers.prl
2026-10-03 19:39:02,823 - aqt.updater - INFO - updater 139783444557824 Patching /src/.package-cache/qt-download/6.11.3/gcc_64/lib/libQt6QuickWidgets.prl
2026-10-03 19:39:02,823 - aqt.main - INFO - installer 139783444557824 Finished installation
2026-10-03 19:39:02,823 - aqt.main - INFO - installer 139783444557824 Time elapsed: 32.74923692 second
